// Jest Snapshot v1, https://goo.gl/fbAQLP

exports[`App should render correctly 1`] = `
<DocumentFragment>
  <div>
    <header>
      <div
        class="container flex"
      >
        <div>
          <svg
            fill="none"
            height="1em"
            stroke="currentColor"
            stroke-linecap="round"
            stroke-linejoin="round"
            stroke-width="2"
            viewBox="0 0 24 24"
            width="1em"
            xmlns="http://www.w3.org/2000/svg"
          >
            <line
              x1="3"
              x2="21"
              y1="12"
              y2="12"
            />
            <line
              x1="3"
              x2="21"
              y1="6"
              y2="6"
            />
            <line
              x1="3"
              x2="21"
              y1="18"
              y2="18"
            />
          </svg>
          <nav
            class="navbar hidden"
          >
            <ul
              class="navbar-nav"
            >
              <li>
                Home
              </li>
              <li>
                About
              </li>
            </ul>
          </nav>
        </div>
        <div>
          cxLoyalty
        </div>
      </div>
    </header>
    <div
      class="tavisca-tabs"
    >
      <ul
        class="tavisca-tabs__list"
      >
        <li
          class="tavisca-tabs__tab active"
        >
          <h3>
            Flights
          </h3>
        </li>
        <li
          class="tavisca-tabs__tab "
        >
          <h3>
            Hotels
          </h3>
        </li>
        <li
          class="tavisca-tabs__tab "
        >
          <h3>
            Car
          </h3>
        </li>
        <li
          class="tavisca-tabs__tab "
        >
          <h3>
            Activity
          </h3>
        </li>
      </ul>
      <div
        class="tavisca-tabs__panel active"
      >
        <div
          class="container"
        >
          <form>
            <fieldset>
              <div
                class="form-group"
              >
                <label
                  for="departure"
                >
                  Departure
                </label>
                <input
                  class="form-control"
                  id="departure"
                  name="departure"
                  placeholder="Airport or city"
                  type="text"
                  value=""
                />
              </div>
              <div
                class="form-group"
              >
                <label
                  for="destination"
                >
                  Destination
                </label>
                <input
                  class="form-control"
                  id="destination"
                  name="destination"
                  placeholder="Airport or city"
                  type="text"
                  value=""
                />
              </div>
            </fieldset>
            <fieldset
              class="flight-dates"
            >
              <div
                class="flex"
              >
                <div
                  class="form-group flex-grow mr-15"
                >
                  <label
                    for="departureDate"
                  >
                    Departure Date
                  </label>
                  <input
                    class="form-control"
                    id="departureDate"
                    name="departureDate"
                    type="date"
                    value=""
                  />
                </div>
                <div
                  class="form-group flex-grow"
                >
                  <label
                    for="returnDate"
                  >
                    Return Date
                  </label>
                  <input
                    class="form-control"
                    id="returnDate"
                    name="returnDate"
                    type="date"
                    value=""
                  />
                </div>
              </div>
            </fieldset>
            <fieldset>
              <legend>
                Travellers
              </legend>
              <div
                class="flight-travelers flex justify-between"
              >
                <div
                  class="form-group flex-grow mr-15"
                >
                  <label
                    for="adults"
                  >
                    Adults
                  </label>
                  <input
                    class="form-control"
                    id="adults"
                    name="adults"
                    placeholder="Number of adults"
                    type="number"
                    value="1"
                  />
                </div>
                <div
                  class="form-group flex-grow"
                >
                  <label
                    for="child"
                  >
                    Childs
                  </label>
                  <input
                    class="form-control"
                    id="child"
                    name="child"
                    placeholder="Number of childs"
                    type="number"
                    value=""
                  />
                </div>
              </div>
            </fieldset>
            <div
              class="form-group"
            >
              <label
                for="passangerClass"
              >
                Class
              </label>
              <select
                class="form-control"
                id="passangerClass"
                name="passangerClass"
              >
                <option
                  value="basic"
                >
                  Basic
                </option>
                <option
                  value="main"
                >
                  Main
                </option>
                <option
                  value="economy"
                >
                  Economy
                </option>
              </select>
            </div>
            <button
              class="btn btn-primary w-full"
              type="submit"
            >
              Search Flights
            </button>
          </form>
        </div>
      </div>
      <div
        class="tavisca-tabs__panel "
      >
        <div>
          Hotels
        </div>
      </div>
      <div
        class="tavisca-tabs__panel "
      >
        <div>
          Cars
        </div>
      </div>
      <div
        class="tavisca-tabs__panel "
      >
        <div>
          Activity
        </div>
      </div>
    </div>
  </div>
</DocumentFragment>
`;
